##gff-version 2
##source-version netCglyc-1.0c
##date 2020-07-27
##Type Protein
# seqname                source         feature  start    end   score +/-  ?
# ----------------------------------------------------------------------------
# ----------------------------------------------------------------------------
