ID	Position	Sequence	Score	Cutoff	Cluster
sp|P55769|	9	TEADVNP K AYPLADA	0.07909129	0.04625	SUMOylation
sp|P55769|	107	IACSVTI K EGSQLKQ	0.1369633	0.04625	SUMOylation
sp|B7VLR2|	21-25	SKNDQEE LIVNY RAESLEN	0.14018892	0.08375	SUMO-interaction
sp|B7VLR2|	53	VFNSKAG K GFGSFKS	0.050378416	0.04625	SUMOylation
sp|B7VLR2|	59	GKGFGSF K SDSEFQQ	0.1882142	0.04625	SUMOylation
sp|B7VLR2|	90	QKSALRL K DELSKYP	0.4782916	0.04625	SUMOylation
sp|B7VLR2|	214	EDFVSDS K LEKEEAI	0.14313069	0.04625	SUMOylation
sp|B7VLR2|	217	VSDSKLE K EEAISYK	0.0701338	0.04625	SUMOylation
sp|B7VLR2|	225	EEAISYK K QVADYCN	0.050011415	0.04625	SUMOylation
sp|B7VLR2|	236	DYCNEQL K AGDEVQV	0.095973864	0.04625	SUMOylation
